  List of schemas
  Name  |  Owner   
--------+----------
 public | postgres
(1 row)

