                                             BASE TABLE "dbo.film"
         Name         |   Type   | Nullable |   Default   |    Size    | Decimal Digits | Radix | Octet Length 
----------------------+----------+----------+-------------+------------+----------------+-------+--------------
 film_id              | int      | "NO"     |             |         10 |              0 |    10 |            0 
 title                | varchar  | "NO"     |             |        255 |              0 |    10 |          255 
 description          | text     | "YES"    | (NULL)      | 2147483647 |              0 |    10 |   2147483647 
 release_year         | varchar  | "YES"    |             |          4 |              0 |    10 |            4 
 language_id          | tinyint  | "NO"     |             |          3 |              0 |    10 |            0 
 original_language_id | tinyint  | "YES"    | (NULL)      |          3 |              0 |    10 |            0 
 rental_duration      | tinyint  | "NO"     | ((3))       |          3 |              0 |    10 |            0 
 rental_rate          | decimal  | "NO"     | ((4.99))    |          4 |              2 |    10 |            0 
 length               | smallint | "YES"    | (NULL)      |          5 |              0 |    10 |            0 
 replacement_cost     | decimal  | "NO"     | ((19.99))   |          5 |              2 |    10 |            0 
 rating               | varchar  | "YES"    | ('G')       |         10 |              0 |    10 |           10 
 special_features     | varchar  | "YES"    | (NULL)      |        255 |              0 |    10 |          255 
 last_update          | datetime | "NO"     | (getdate()) |          3 |              0 |    10 |            0 
Indexes:
  "" HEAP (language_id, original_language_id, film_id)
  "idx_fk_language_id" NONCLUSTERED (language_id)
  "idx_fk_original_language_id" NONCLUSTERED (original_language_id)
  "PK__film__349764A80984B3B6" PRIMARY_KEY, UNIQUE, NONCLUSTERED (film_id)


                                  BASE TABLE "dbo.film_actor"
    Name     |   Type   | Nullable |   Default   | Size | Decimal Digits | Radix | Octet Length 
-------------+----------+----------+-------------+------+----------------+-------+--------------
 actor_id    | int      | "NO"     |             |   10 |              0 |    10 |            0 
 film_id     | int      | "NO"     |             |   10 |              0 |    10 |            0 
 last_update | datetime | "NO"     | (getdate()) |    3 |              0 |    10 |            0 
Indexes:
  "" HEAP (actor_id, film_id, actor_id, film_id)
  "idx_fk_film_actor_actor" NONCLUSTERED (actor_id)
  "idx_fk_film_actor_film" NONCLUSTERED (film_id)
  "PK__film_act__086D31FF21306015" PRIMARY_KEY, UNIQUE, NONCLUSTERED (actor_id, film_id)


                                 BASE TABLE "dbo.film_category"
    Name     |   Type   | Nullable |   Default   | Size | Decimal Digits | Radix | Octet Length 
-------------+----------+----------+-------------+------+----------------+-------+--------------
 film_id     | int      | "NO"     |             |   10 |              0 |    10 |            0 
 category_id | tinyint  | "NO"     |             |    3 |              0 |    10 |            0 
 last_update | datetime | "NO"     | (getdate()) |    3 |              0 |    10 |            0 
Indexes:
  "" HEAP (category_id, film_id, film_id, category_id)
  "idx_fk_film_category_category" NONCLUSTERED (category_id)
  "idx_fk_film_category_film" NONCLUSTERED (film_id)
  "PK__film_cat__69C38A334140182A" PRIMARY_KEY, UNIQUE, NONCLUSTERED (film_id, category_id)


                                    BASE TABLE "dbo.film_text"
    Name     |   Type   | Nullable | Default |    Size    | Decimal Digits | Radix | Octet Length 
-------------+----------+----------+---------+------------+----------------+-------+--------------
 film_id     | smallint | "NO"     |         |          5 |              0 |    10 |            0 
 title       | varchar  | "NO"     |         |        255 |              0 |    10 |          255 
 description | text     | "YES"    |         | 2147483647 |              0 |    10 |   2147483647 
Indexes:
  "" HEAP (film_id)
  "PK__film_tex__349764A84645D2D1" PRIMARY_KEY, UNIQUE, NONCLUSTERED (film_id)


                                       VIEW "dbo.film_list"
    Name     |   Type   | Nullable | Default |    Size    | Decimal Digits | Radix | Octet Length 
-------------+----------+----------+---------+------------+----------------+-------+--------------
 FID         | int      | "YES"    |         |         10 |              0 |    10 |            0 
 title       | varchar  | "YES"    |         |        255 |              0 |    10 |          255 
 description | text     | "YES"    |         | 2147483647 |              0 |    10 |   2147483647 
 category    | varchar  | "NO"     |         |         25 |              0 |    10 |           25 
 price       | decimal  | "YES"    |         |          4 |              2 |    10 |            0 
 length      | smallint | "YES"    |         |          5 |              0 |    10 |            0 
 rating      | varchar  | "YES"    |         |         10 |              0 |    10 |           10 
 actors      | varchar  | "NO"     |         |         91 |              0 |    10 |           91 


