                List of relations
  Schema  |  Name  |    Type    | Size | Comment 
----------+--------+------------+------+---------
 sf1      | orders | BASE TABLE |      |  
 sf100    | orders | BASE TABLE |      |  
 sf1000   | orders | BASE TABLE |      |  
 sf10000  | orders | BASE TABLE |      |  
 sf100000 | orders | BASE TABLE |      |  
 sf300    | orders | BASE TABLE |      |  
 sf3000   | orders | BASE TABLE |      |  
 sf30000  | orders | BASE TABLE |      |  
 tiny     | orders | BASE TABLE |      |  
(9 rows)

